19: PCI 100.0: 0300 VGA compatible controller (VGA)             
  [Created at pci.395]
  Unique ID: VCu0.lHxmXVCASH2
  Parent ID: vSkL.KMhD7CjJjq0
  SysFS ID: /devices/pci0000:00/0000:00:01.0/0000:01:00.0
  SysFS BusID: 0000:01:00.0
  Hardware Class: graphics card
  Model: "ATI Polaris 22 XT [Radeon RX Vega M GH]"
  Vendor: pci 0x1002 "ATI Technologies Inc"
  Device: pci 0x694c "Polaris 22 XT [Radeon RX Vega M GH]"
  SubVendor: pci 0x8086 "Intel Corporation"
  SubDevice: pci 0x2073 
  Revision: 0xc0
  Driver: "amdgpu"
  Driver Modules: "amdgpu"
  Memory Range: 0x2000000000-0x20ffffffff (ro,non-prefetchable)
  Memory Range: 0x2100000000-0x21001fffff (ro,non-prefetchable)
  I/O Ports: 0xe000-0xefff (rw)
  Memory Range: 0xdb500000-0xdb53ffff (rw,non-prefetchable)
  Memory Range: 0x000c0000-0x000dffff (rw,non-prefetchable,disabled)
  IRQ: 155 (3410069 events)
  Module Alias: "pci:v00001002d0000694Csv00008086sd00002073bc03sc00i00"
  Driver Info #0:
    Driver Status: amdgpu is active
    Driver Activation Cmd: "modprobe amdgpu"
  Config Status: cfg=new, avail=yes, need=no, active=unknown
  Attached to: #17 (PCI bridge)

Primary display adapter: #19

Executing cmd on sskul
`free`
               total        used        free      shared  buff/cache   available
Mem:        32815568    10404420      835224      246972    20961184    22411148
Swap:              0           0           0
cpu:
                       Intel(R) Core(TM) i7-8809G CPU @ 3.10GHz, 3996 MHz
                       Intel(R) Core(TM) i7-8809G CPU @ 3.10GHz, 4100 MHz
                       Intel(R) Core(TM) i7-8809G CPU @ 3.10GHz, 3994 MHz
                       Intel(R) Core(TM) i7-8809G CPU @ 3.10GHz, 3900 MHz
                       Intel(R) Core(TM) i7-8809G CPU @ 3.10GHz, 3900 MHz
                       Intel(R) Core(TM) i7-8809G CPU @ 3.10GHz, 3900 MHz
                       Intel(R) Core(TM) i7-8809G CPU @ 3.10GHz, 4055 MHz
                       Intel(R) Core(TM) i7-8809G CPU @ 3.10GHz, 3900 MHz
graphics card:
                       ATI Polaris 22 XT [Radeon RX Vega M GH]
